// Vitest Snapshot v1, https://vitest.dev/guide/snapshot.html

exports[`demo seed > seeds exactly the same as before the move to packages 1`] = `
{
  "assets": [
    "shop-asset-1:shop-cust-1:2019 blue sedan:{"year":2019,"make":"blue","model":"sedan","plate":"JHK 4821"}",
    "shop-asset-2:shop-cust-2:2016 white minivan:{"year":2016,"make":"white","model":"minivan"}",
    "shop-asset-3:shop-cust-3:2018 white minivan:{"year":2018,"make":"white","model":"minivan"}",
    "shop-asset-4:shop-cust-4:2015 green wagon:{"year":2015,"make":"green","model":"wagon"}",
    "shop-asset-5:shop-cust-5:2021 red SUV:{"year":2021,"make":"red","model":"SUV"}",
    "shop-asset-6:shop-cust-6:2017 gray coupe:{"year":2017,"make":"gray","model":"coupe"}",
    "shop-asset-7:shop-cust-7:2020 silver crossover:{"year":2020,"make":"silver","model":"crossover"}",
    "shop-asset-8:shop-cust-8:2014 black pickup:{"year":2014,"make":"black","model":"pickup"}",
  ],
  "business": {
    "id": "shop",
    "name": "Oak Street Auto",
    "nextOrderNumber": 49,
    "profileVersion": 1,
    "status": "active",
    "taxRateBps": 825,
    "timezone": "America/Chicago",
    "version": 10,
  },
  "customers": [
    "shop-cust-1:Dana Lee",
    "shop-cust-2:Mark Ortiz",
    "shop-cust-3:Priya Shah",
    "shop-cust-4:Alex Nowak",
    "shop-cust-5:Rosa Medina",
    "shop-cust-6:Tom Becker",
    "shop-cust-7:Nina Patel",
    "shop-cust-8:Owen Clark",
    "shop-cust-walkin:Walk-in",
  ],
  "items": [
    "air-filter:Air filter:part:each:1900:true:true:7:3:12:sup-1:{}:",
    "battery:Battery:part:each:15900:true:true:2:2:12:sup-2:{}:",
    "coolant:Coolant gallon:part:gallon:2400:true:true:5:3:12:sup-2:{}:antifreeze",
    "labor-align:Alignment:labor:job:11000:false:false:10:3:12:sup-1:{}:",
    "labor-brake:Brake job labor:labor:hour:12000:false:false:10:3:12:sup-1:{}:",
    "labor-diag:Diagnostic:labor:hour:9500:false:false:10:3:12:sup-1:{}:",
    "labor-oil:Oil change:labor:job:6000:false:false:10:3:12:sup-1:{"oil-filter":1,"oil-5w30":5}:",
    "oil-5w30:5W-30 quart:part:quart:750:true:true:24:10:12:sup-1:{}:5w30|oil",
    "oil-filter:Oil filter:part:each:900:true:true:3:5:12:sup-1:{}:filter",
    "pads-front:Front brake pads:part:each:4500:true:true:1:2:12:sup-1:{}:brake pads|pads",
    "pads-rear:Rear brake pads:part:each:4200:true:true:6:3:12:sup-1:{}:",
    "rotor:Brake rotor:part:each:6800:true:true:2:4:12:sup-1:{}:rotor",
    "spark-plug:Spark plug:part:each:1200:true:true:16:3:12:sup-1:{}:plugs",
    "wiper:Wiper blade:part:each:1600:true:true:9:3:12:sup-1:{}:wipers",
  ],
  "open": [
    "shop-ord-1:41:estimate:-:2026-09-15T08:00:00.000Z:{}:labor-align+labor-diag:20500",
    "shop-ord-2:42:approved:-:2026-09-15T03:00:00.000Z:{}:rotor+wiper:9093",
    "shop-ord-3:43:in_bay:-:2026-09-14T22:00:00.000Z:{}:labor-align+battery:28212",
    "shop-ord-4:44:in_bay:-:2026-09-14T17:00:00.000Z:{}:coolant:2598",
    "shop-ord-5:45:waiting_on_parts:-:2026-09-14T12:00:00.000Z:{}:rotor+labor-brake:19361",
    "shop-ord-6:46:waiting_on_parts:-:2026-09-14T07:00:00.000Z:{}:spark-plug:1299",
    "shop-ord-7:47:ready_for_pickup:-:2026-09-14T02:00:00.000Z:{}:labor-align:11000",
    "shop-ord-8:48:ready_for_pickup:-:2026-09-13T21:00:00.000Z:{}:coolant:2598",
  ],
  "orderCents": 2312400,
  "orders": 104,
  "paymentCents": 2217739,
  "payments": 96,
}
`;

exports[`demo seed > seeds exactly the same as before the move to packages 2`] = `
{
  "assets": [],
  "business": {
    "id": "bakery",
    "name": "Sweet Crumb Bakery",
    "nextOrderNumber": 18,
    "profileVersion": 1,
    "status": "active",
    "taxRateBps": 825,
    "timezone": "America/Chicago",
    "version": 8,
  },
  "customers": [
    "bakery-cust-1:Grace Kim",
    "bakery-cust-2:Luis Romero",
    "bakery-cust-3:Emma Wright",
    "bakery-cust-4:Jonas Meyer",
    "bakery-cust-5:Ada Silva",
    "bakery-cust-6:Ben Haddad",
    "bakery-cust-walkin:Walk-in",
  ],
  "items": [
    "board-10:10-inch cake board:supply:each:95:true:true:8:20:100:sup-1:{}:",
    "board-8:8-inch cake board:supply:each:80:true:true:35:20:100:sup-1:{}:",
    "box-10:10-inch cake box:supply:each:150:true:true:12:20:100:sup-1:{}:",
    "box-8:8-inch cake box:supply:each:120:true:true:40:20:100:sup-1:{}:",
    "butter:Butter:ingredient:pound:480:true:true:14:20:40:sup-3:{}:",
    "cake-10:10-inch round cake:product:cake:6500:true:false:10:3:12:sup-1:{"box-10":1,"board-10":1}:",
    "cake-8:8-inch round cake:product:cake:4500:true:false:10:3:12:sup-1:{"box-8":1,"board-8":1}:",
    "cocoa:Cocoa powder:ingredient:pound:720:true:true:6:8:20:sup-3:{}:",
    "cupcakes:Cupcake dozen:product:dozen:3600:true:false:10:3:12:sup-1:{}:",
    "delivery:Delivery:product:trip:2500:false:false:10:3:12:sup-1:{}:",
    "filling:Custom filling:product:each:900:true:false:10:3:12:sup-1:{}:",
    "flour:Flour:ingredient:pound:90:true:true:60:25:100:sup-3:{}:",
  ],
  "open": [
    "bakery-ord-1:12:ordered:2026-09-16:2026-09-15T05:00:00.000Z:{"flavor":"vanilla","size":"8-inch","inscription":"Happy Birthday"}:cake-8:4871",
    "bakery-ord-2:13:ordered:2026-09-19:2026-09-14T22:00:00.000Z:{"flavor":"chocolate","size":"10-inch"}:cake-10:7036",
    "bakery-ord-3:14:baking:2026-09-19:2026-09-14T15:00:00.000Z:{"flavor":"red velvet","size":"10-inch","inscription":"Congrats"}:cake-10+filling:8011",
    "bakery-ord-4:15:decorating:2026-09-19:2026-09-14T08:00:00.000Z:{"flavor":"carrot","size":"8-inch"}:cake-8:4871",
    "bakery-ord-5:16:ready:2026-09-17:2026-09-14T01:00:00.000Z:{"flavor":"lemon","size":"8-inch"}:cake-8:4871",
    "bakery-ord-6:17:ready:2026-09-21:2026-09-13T18:00:00.000Z:{"flavor":"chocolate","size":"10-inch","inscription":"Thank You"}:cake-10+filling:8011",
  ],
  "orderCents": 1193669,
  "orders": 91,
  "paymentCents": 1155998,
  "payments": 85,
}
`;
